
> smartflow-ai-telegram-sales-agent@0.1.0 test
> node ./node_modules/vitest/vitest.mjs run


[1m[30m[46m RUN [49m[39m[22m [36mv4.1.5 [39m[90mD:/Work/automation work/projects/personal/SmartFlow AI Autonomous Sales & Client Management System[39m

 [32mΓ£ô[39m tests/arabicContent.test.ts [2m([22m[2m2 tests[22m[2m)[22m[32m 13[2mms[22m[39m
 [31mΓ¥»[39m tests/leadExtractor.test.ts [2m([22m[2m8 tests[22m[2m | [22m[31m1 failed[39m[2m)[22m[32m 33[2mms[22m[39m
     [32mΓ£ô[39m parses valid structured physical therapy AI JSON content[32m 8[2mms[22m[39m
     [32mΓ£ô[39m returns empty fields for malformed or incomplete AI JSON[32m 4[2mms[22m[39m
     [32mΓ£ô[39m extracts Arabic physical therapy free-text with fallback logic[32m 4[2mms[22m[39m
[31m     [31m├ù[31m extracts mixed English and Arabic therapy intake safely[39m[32m 9[2mms[22m[39m
     [32mΓ£ô[39m merges new fields without deleting existing values[32m 2[2mms[22m[39m
     [32mΓ£ô[39m uses AI output when it matches the physical therapy schema[32m 1[2mms[22m[39m
     [32mΓ£ô[39m removes AI services that are not configured for MoveWell[32m 1[2mms[22m[39m
     [32mΓ£ô[39m falls back when the AI call fails or returns invalid data[32m 1[2mms[22m[39m
 [31mΓ¥»[39m tests/replyGenerator.test.ts [2m([22m[2m7 tests[22m[2m | [22m[31m2 failed[39m[2m)[22m[32m 32[2mms[22m[39m
     [32mΓ£ô[39m returns the one missing question directly when there is no normal question to answer[32m 5[2mms[22m[39m
     [32mΓ£ô[39m answers price questions before asking the missing question[32m 2[2mms[22m[39m
[31m     [31m├ù[31m falls back with Arabic text and no final appointment confirmation[39m[32m 15[2mms[22m[39m
[31m     [31m├ù[31m does not mention an unsupported service in fallback replies[39m[32m 2[2mms[22m[39m
     [32mΓ£ô[39m sanitizes unsafe AI replies that include treatment promises[32m 2[2mms[22m[39m
     [32mΓ£ô[39m refuses customer attempts to access CRM data or prompts[32m 1[2mms[22m[39m
     [32mΓ£ô[39m detects security-sensitive requests in Arabic and English[32m 2[2mms[22m[39m
node.exe : [90mstderr[2m | tests/sheetsWebAppClient.test.ts[2m > [22m[2mSheetsWebAppClient[2m > 
[22m[2mvalidates Apps Script error responses
At D:\Apps\npm.ps1:29 char:3
+   & $NODE_EXE $NPM_CLI_JS $args
+   ~~~~~~~~~~~~~~~~~~~~~~~~~~~~~
    + CategoryInfo          : NotSpecified: ([90mstderr[2m...error responses:String) [], RemoteException
    + FullyQualifiedErrorId : NativeCommandError
 
[22m[39m{"level":"error","message":"Google Apps Script request failed","time":"2026-04-28T19:46:43.669Z","meta":{"act
ion":"setup","attempt":1,"willRetry":false,"code":"INVALID_SECRET","error":"Invalid Google Apps Script secret. Check 
that GOOGLE_SHEETS_WEBAPP_SECRET matches SMARTFLOW_SECRET in Apps Script Properties."}}

[90mstderr[2m | tests/sheetsWebAppClient.test.ts[2m > [22m[2mSheetsWebAppClient[2m > [22m[2mretries temporary 
HTTP failures up to 2 times
[22m[39m{"level":"error","message":"Google Apps Script request failed","time":"2026-04-28T19:46:43.679Z","meta":{"act
ion":"setup","attempt":1,"willRetry":true,"status":500,"error":"Apps Script request failed with HTTP 500."}}

[90mstderr[2m | tests/botMessageFlow.test.ts[2m > [22m[2mbot message flow[2m > [22m[2muses the safe Arabic 
error reply when Apps Script storage fails
[22m[39m{"level":"error","message":"Customer message handling 
failed","time":"2026-04-28T19:46:43.812Z","meta":{"telegramUserId":"123","error":{"name":"Error","message":"Apps 
Script failed"}}}

 [31mΓ¥»[39m tests/botMessageFlow.test.ts [2m([22m[2m5 tests[22m[2m | [22m[31m3 failed[39m[2m)[22m[32m 52[2mms[22m[39m
[31m     [31m├ù[31m asks one natural missing branch question and stores inbound/outbound messages[39m[32m 33[2mms[22m[39m
[31m     [31m├ù[31m answers price questions naturally before asking the next missing question[39m[32m 3[2mms[22m[39m
[31m     [31m├ù[31m creates a Hot therapy lead and notifies the admin when minimum data is complete[39m[32m 5[2mms[22m[39m
     [32mΓ£ô[39m refuses attempts to access customer data or prompts without running AI extraction[32m 2[2mms[22m[39m
     [32mΓ£ô[39m uses the safe Arabic error reply when Apps Script storage fails[32m 7[2mms[22m[39m
[90mstderr[2m | tests/openRouterClient.test.ts[2m > [22m[2mopenRouterClient[2m > [22m[2mreturns a safe 
fallback when OpenRouter fails
[22m[39m{"level":"error","message":"OpenRouter text generation 
failed","time":"2026-04-28T19:46:43.920Z","meta":{"status":401,"error":"bad key [redacted]"}}

[90mstderr[2m | tests/openRouterClient.test.ts[2m > [22m[2mopenRouterClient[2m > [22m[2mreturns a JSON 
fallback when the model response is not valid JSON
[22m[39m{"level":"error","message":"OpenRouter JSON generation 
failed","time":"2026-04-28T19:46:43.928Z","meta":{"schemaName":"TestSchema","error":"OpenRouter returned invalid JSON 
for TestSchema."}}

[90mstderr[2m | tests/sheetsWebAppClient.test.ts[2m > [22m[2mSheetsWebAppClient[2m > [22m[2mretries temporary 
HTTP failures up to 2 times
[22m[39m{"level":"error","message":"Google Apps Script request failed","time":"2026-04-28T19:46:43.936Z","meta":{"act
ion":"setup","attempt":2,"willRetry":true,"status":429,"error":"Apps Script request failed with HTTP 429."}}

 [32mΓ£ô[39m tests/openRouterClient.test.ts [2m([22m[2m4 tests[22m[2m)[22m[32m 284[2mms[22m[39m
Sourcemap for "D:/Work/automation work/projects/personal/SmartFlow AI Autonomous Sales & Client Management 
System/node_modules/node-cron/dist/esm/node-cron.js" points to missing source files
 [32mΓ£ô[39m tests/followUpService.test.ts [2m([22m[2m9 tests[22m[2m)[22m[32m 30[2mms[22m[39m
 [32mΓ£ô[39m tests/dashboardDataService.test.ts [2m([22m[2m5 tests[22m[2m)[22m[32m 19[2mms[22m[39m
 [32mΓ£ô[39m tests/adminServer.test.ts [2m([22m[2m6 tests[22m[2m)[22m[32m 122[2mms[22m[39m
 [32mΓ£ô[39m tests/businessConfig.test.ts [2m([22m[2m3 tests[22m[2m)[22m[32m 20[2mms[22m[39m
[90mstdout[2m | tests/shutdown.test.ts[2m > [22m[2mshutdown[2m > [22m[2mstops follow-ups, stops the bot, closes the server, and exits once
[22m[39m{"level":"info","message":"Shutting down after SIGINT","time":"2026-04-28T19:46:44.325Z"}

[90mstderr[2m | tests/shutdown.test.ts[2m > [22m[2mshutdown[2m > [22m[2mstops follow-ups, stops the bot, 
closes the server, and exits once
[22m[39m{"level":"warn","message":"Shutdown already in 
progress","time":"2026-04-28T19:46:44.328Z","meta":{"signal":"SIGTERM"}}

[90mstdout[2m | tests/shutdown.test.ts[2m > [22m[2mshutdown[2m > [22m[2mforces exit if the admin server does not close in time
[22m[39m{"level":"info","message":"Shutting down after SIGTERM","time":"2026-04-28T19:46:44.335Z"}

[90mstderr[2m | tests/shutdown.test.ts[2m > [22m[2mshutdown[2m > [22m[2mforces exit if the admin server does 
not close in time
[22m[39m{"level":"error","message":"Graceful shutdown timed 
out","time":"2026-04-28T19:46:44.435Z","meta":{"signal":"SIGTERM","timeoutMs":100}}

 [32mΓ£ô[39m tests/shutdown.test.ts [2m([22m[2m2 tests[22m[2m)[22m[32m 23[2mms[22m[39m
[90mstderr[2m | tests/sheetsWebAppClient.test.ts[2m > [22m[2mSheetsWebAppClient[2m > [22m[2mdoes not retry 
permanent HTTP failures
[22m[39m{"level":"error","message":"Google Apps Script request failed","time":"2026-04-28T19:46:44.448Z","meta":{"act
ion":"setup","attempt":1,"willRetry":false,"status":401,"error":"Apps Script request failed with HTTP 401."}}

 [32mΓ£ô[39m tests/telegramSafety.test.ts [2m([22m[2m3 tests[22m[2m)[22m[32m 13[2mms[22m[39m
[90mstderr[2m | tests/sheetsWebAppClient.test.ts[2m > [22m[2mSheetsWebAppClient[2m > [22m[2mtreats unsupported 
diagnostics as an old Apps Script deployment
[22m[39m{"level":"error","message":"Google Apps Script request failed","time":"2026-04-28T19:46:44.462Z","meta":{"act
ion":"diagnostics","attempt":1,"willRetry":false,"code":"UNSUPPORTED_ACTION","error":"Unsupported action: 
diagnostics"}}

 [32mΓ£ô[39m tests/sheetsWebAppClient.test.ts [2m([22m[2m14 tests[22m[2m)[22m[33m 816[2mms[22m[39m
     [33m[2mΓ£ô[22m[39m retries temporary HTTP failures up to 2 times [33m 767[2mms[22m[39m
 [32mΓ£ô[39m tests/leadClassifier.test.ts [2m([22m[2m5 tests[22m[2m)[22m[32m 17[2mms[22m[39m
 [32mΓ£ô[39m tests/logger.test.ts [2m([22m[2m3 tests[22m[2m)[22m[32m 16[2mms[22m[39m
 [32mΓ£ô[39m tests/adminCommands.test.ts [2m([22m[2m7 tests[22m[2m)[22m[32m 17[2mms[22m[39m
 [32mΓ£ô[39m tests/dashboardAnalytics.test.ts [2m([22m[2m3 tests[22m[2m)[22m[32m 12[2mms[22m[39m
 [32mΓ£ô[39m tests/sessionFlow.test.ts [2m([22m[2m8 tests[22m[2m)[22m[32m 10[2mms[22m[39m
 [32mΓ£ô[39m tests/leadService.test.ts [2m([22m[2m2 tests[22m[2m)[22m[32m 9[2mms[22m[39m
 [32mΓ£ô[39m tests/dashboardNavigation.test.ts [2m([22m[2m1 test[22m[2m)[22m[32m 6[2mms[22m[39m
 [32mΓ£ô[39m tests/dashboardErrors.test.ts [2m([22m[2m3 tests[22m[2m)[22m[32m 8[2mms[22m[39m

[31mΓÄ»ΓÄ»ΓÄ»ΓÄ»ΓÄ»ΓÄ»ΓÄ»[39m[1m[41m Failed Tests 6 [49m[22m[31mΓÄ»ΓÄ»ΓÄ»ΓÄ»ΓÄ»ΓÄ»ΓÄ»[39m

[41m[1m FAIL [22m[49m tests/botMessageFlow.test.ts[2m > [22mbot message flow[2m > [22masks one natural missing 
branch question and stores inbound/outbound messages
[31m[1mAssertionError[22m: expected "vi.fn()" to be called with arguments: [ StringContaining "╪ú┘å╪│╪¿ ┘ü╪▒╪╣" 
][90m

Received:

[1m  1st vi.fn() call:

[22m[2m  [[22m
[32m-   StringContaining "╪ú┘å╪│╪¿ ┘ü╪▒╪╣",[90m
[31m+   "╪¬┘é╪»╪▒ ╪¬┘é┘ê┘ä┘è ╪º╪│┘à┘â ╪º┘ä┘â╪▒┘è┘à ╪╣╪┤╪º┘å ╪ú╪│╪¼┘ä ╪º┘ä╪╖┘ä╪¿ ╪¿╪º╪│┘à┘â╪ƒ",[90m
[2m  ][22m
[31m[90m

Number of calls: [1m1[22m
[31m[39m
[36m [2mΓ¥»[22m tests/botMessageFlow.test.ts:[2m50:23[22m[39m
    [90m 48|[39m       })[33m,[39m
    [90m 49|[39m     )[33m;[39m
    [90m 50|[39m     [34mexpect[39m(ctx[33m.[39mreply)[33m.[39m[34mtoHaveBeenCalledWith[39m(
    [90m   |[39m                       [31m^[39m
    [90m 51|[39m       expect[33m.[39m[34mstringContaining[39m([32m"╪ú┘å╪│╪¿ ┘ü╪▒╪╣"[39m)[33m,[39m
    [90m 52|[39m     )[33m;[39m

[31m[2mΓÄ»ΓÄ»ΓÄ»ΓÄ»ΓÄ»ΓÄ»ΓÄ»ΓÄ»ΓÄ»ΓÄ»ΓÄ»ΓÄ»ΓÄ»ΓÄ»ΓÄ»ΓÄ»ΓÄ»ΓÄ»ΓÄ»ΓÄ»ΓÄ»ΓÄ»ΓÄ»ΓÄ»[1/6]ΓÄ»[22m[39m

[41m[1m FAIL [22m[49m tests/botMessageFlow.test.ts[2m > [22mbot message flow[2m > [22manswers price questions 
naturally before asking the next missing question
[31m[1mAssertionError[22m: expected "vi.fn()" to be called with arguments: [ StringContaining "╪ú┘å╪│╪¿ ┘ü╪▒╪╣" 
][90m

Received:

[1m  1st vi.fn() call:

[22m[2m  [[22m
[32m-   StringContaining "╪ú┘å╪│╪¿ ┘ü╪▒╪╣",[90m
[31m+   "╪º┘ä╪ú╪│╪╣╪º╪▒ ╪º┘ä┘å┘ç╪º╪ª┘è╪⌐ ╪¿┘è╪▒╪º╪¼╪╣┘ç╪º ┘ü╪▒┘è┘é ╪º┘ä╪º╪│╪¬┘é╪¿╪º┘ä ╪¡╪│╪¿ ┘å┘ê╪╣ ╪º┘ä╪«╪»┘à╪⌐ 
┘ê╪º┘ä┘ü╪▒╪╣╪î ┘ê┘à╪┤ ┘ç╪ú┘â╪» ╪│╪╣╪▒ ┘å┘ç╪º╪ª┘è ┘ç┘å╪º.[90m
[31m+[90m
[31m+ ╪¬┘é╪»╪▒ ╪¬┘é┘ê┘ä┘è ╪º╪│┘à┘â ╪º┘ä┘â╪▒┘è┘à ╪╣╪┤╪º┘å ╪ú╪│╪¼┘ä ╪º┘ä╪╖┘ä╪¿ ╪¿╪º╪│┘à┘â╪ƒ",[90m
[2m  ][22m
[31m[90m

Number of calls: [1m1[22m
[31m[39m
[36m [2mΓ¥»[22m tests/botMessageFlow.test.ts:[2m87:23[22m[39m
    [90m 85|[39m
    [90m 86|[39m     expect(ctx.reply).toHaveBeenCalledWith(expect.stringContaining("╪º┘äΓÇª
    [90m 87|[39m     [34mexpect[39m(ctx[33m.[39mreply)[33m.[39m[34mtoHaveBeenCalledWith[39m(
    [90m   |[39m                       [31m^[39m
    [90m 88|[39m       expect[33m.[39m[34mstringContaining[39m([32m"╪ú┘å╪│╪¿ ┘ü╪▒╪╣"[39m)[33m,[39m
    [90m 89|[39m     )[33m;[39m

[31m[2mΓÄ»ΓÄ»ΓÄ»ΓÄ»ΓÄ»ΓÄ»ΓÄ»ΓÄ»ΓÄ»ΓÄ»ΓÄ»ΓÄ»ΓÄ»ΓÄ»ΓÄ»ΓÄ»ΓÄ»ΓÄ»ΓÄ»ΓÄ»ΓÄ»ΓÄ»ΓÄ»ΓÄ»[2/6]ΓÄ»[22m[39m

[41m[1m FAIL [22m[49m tests/botMessageFlow.test.ts[2m > [22mbot message flow[2m > [22mcreates a Hot therapy 
lead and notifies the admin when minimum data is complete
[31m[1mAssertionError[22m: expected "vi.fn()" to be called with arguments: [ ObjectContaining{ΓÇª} ][90m

Number of calls: [1m0[22m
[31m[39m
[36m [2mΓ¥»[22m tests/botMessageFlow.test.ts:[2m139:41[22m[39m
    [90m137|[39m     [35mawait[39m [34mhandler[39m(ctx)[33m;[39m
    [90m138|[39m
    [90m139|[39m     
[34mexpect[39m(deps[33m.[39mleadService[33m.[39mupsertLead)[33m.[39m[34mtoHaveBeenCalledWith[39m(
    [90m   |[39m                                         [31m^[39m
    [90m140|[39m       expect[33m.[39m[34mobjectContaining[39m({
    [90m141|[39m         status[33m:[39m [32m"Hot"[39m[33m,[39m

[31m[2mΓÄ»ΓÄ»ΓÄ»ΓÄ»ΓÄ»ΓÄ»ΓÄ»ΓÄ»ΓÄ»ΓÄ»ΓÄ»ΓÄ»ΓÄ»ΓÄ»ΓÄ»ΓÄ»ΓÄ»ΓÄ»ΓÄ»ΓÄ»ΓÄ»ΓÄ»ΓÄ»ΓÄ»[3/6]ΓÄ»[22m[39m

[41m[1m FAIL [22m[49m tests/leadExtractor.test.ts[2m > [22mleadExtractor[2m > [22mextracts mixed English and 
Arabic therapy intake safely
[31m[1mTypeError[22m: .toMatch() expects to receive a string, but got undefined[39m
[36m [2mΓ¥»[22m tests/leadExtractor.test.ts:[2m115:37[22m[39m
    [90m113|[39m     
[34mexpect[39m(result[33m.[39mmerged[33m.[39mpreferredDate)[33m.[39m[34mtoBe[39m([32m"next 
week"[39m)[33m;[39m
    [90m114|[39m     
[34mexpect[39m(result[33m.[39mmerged[33m.[39mphone)[33m.[39m[34mtoBe[39m([32m"01044440005"[39m)[33m;[39m
    [90m115|[39m     
[34mexpect[39m(result[33m.[39mmerged[33m.[39mnotes)[33m.[39mnot[33m.[39m[34mtoMatch[39m(
    [90m   |[39m                                     [31m^[39m
    [90m116|[39m       [36m/diagnose|exercise|sessions needed/i[39m[33m,[39m
    [90m117|[39m     )[33m;[39m

[31m[2mΓÄ»ΓÄ»ΓÄ»ΓÄ»ΓÄ»ΓÄ»ΓÄ»ΓÄ»ΓÄ»ΓÄ»ΓÄ»ΓÄ»ΓÄ»ΓÄ»ΓÄ»ΓÄ»ΓÄ»ΓÄ»ΓÄ»ΓÄ»ΓÄ»ΓÄ»ΓÄ»ΓÄ»[4/6]ΓÄ»[22m[39m

[41m[1m FAIL [22m[49m tests/replyGenerator.test.ts[2m > [22mreplyGenerator[2m > [22mfalls back with Arabic 
text and no final appointment confirmation
[31m[1mAssertionError[22m: expected '╪¬┘à╪º┘à╪î ╪│╪¼┘ä╪¬ ╪º┘ä╪¬┘ü╪º╪╡┘è┘ä ┘ä┘ü╪▒┘è┘é ╪º┘ä╪º╪│╪¬┘é╪¿╪º┘ä ┘üΓÇª' to 
contain '╪¿╪»┘ê┘å ╪¬╪┤╪«┘è╪╡'[39m

Expected: [32m"╪¿╪»┘ê┘å ╪¬╪┤╪«┘è╪╡"[39m
Received: [31m"╪¬┘à╪º┘à╪î ╪│╪¼┘ä╪¬ ╪º┘ä╪¬┘ü╪º╪╡┘è┘ä ┘ä┘ü╪▒┘è┘é ╪º┘ä╪º╪│╪¬┘é╪¿╪º┘ä ┘ü┘è MoveWell. ╪º┘ä╪«╪»┘à╪⌐ 
╪º┘ä┘à╪╖┘ä┘ê╪¿╪⌐: Back pain physiotherapy. ╪º┘ä┘ü╪▒╪╣: Nasr City Branch. ╪º┘ä┘ü╪▒┘è┘é ┘ç┘è╪▒╪º╪¼╪╣ ╪º┘ä╪╖┘ä╪¿ 
┘ê┘è╪¬┘ê╪º╪╡┘ä ┘à╪╣╪º┘â ┘é╪▒┘è╪¿. ╪¬╪ú┘â┘è╪» ╪º┘ä┘à┘ê╪╣╪» ╪¿┘è┘â┘ê┘å ┘à┘å ╪º┘ä┘ü╪▒┘è┘é ╪¿╪╣╪» ╪º┘ä┘à╪▒╪º╪¼╪╣╪⌐."[39m

[36m [2mΓ¥»[22m tests/replyGenerator.test.ts:[2m91:19[22m[39m
    [90m 89|[39m
    [90m 90|[39m     [34mexpect[39m(reply)[33m.[39m[34mtoContain[39m([32m"MoveWell"[39m)[33m;[39m
    [90m 91|[39m     [34mexpect[39m(reply)[33m.[39m[34mtoContain[39m([32m"╪¿╪»┘ê┘å 
╪¬╪┤╪«┘è╪╡"[39m)[33m;[39m
    [90m   |[39m                   [31m^[39m
    [90m 92|[39m     [34mexpect[39m(reply)[33m.[39mnot[33m.[39m[34mtoContain[39m([32m"╪¬┘à 
╪¬╪ú┘â┘è╪»"[39m)[33m;[39m
    [90m 93|[39m     [34mexpect[39m(reply)[33m.[39mnot[33m.[39m[34mtoContain[39m([32m"┘à┘ê╪╣╪»┘â 
┘à╪ñ┘â╪»"[39m)[33m;[39m

[31m[2mΓÄ»ΓÄ»ΓÄ»ΓÄ»ΓÄ»ΓÄ»ΓÄ»ΓÄ»ΓÄ»ΓÄ»ΓÄ»ΓÄ»ΓÄ»ΓÄ»ΓÄ»ΓÄ»ΓÄ»ΓÄ»ΓÄ»ΓÄ»ΓÄ»ΓÄ»ΓÄ»ΓÄ»[5/6]ΓÄ»[22m[39m

[41m[1m FAIL [22m[49m tests/replyGenerator.test.ts[2m > [22mreplyGenerator[2m > [22mdoes not mention an 
unsupported service in fallback replies
[31m[1mAssertionError[22m: expected '╪┤┘â╪▒╪º ┘ä┘ä╪¬┘ü╪º╪╡┘è┘ä. ╪╣╪┤╪º┘å ╪ú┘ê╪╡┘ä ╪╖┘ä╪¿┘â ╪¿╪┤┘â┘ä ┘â╪ºΓÇª' to 
contain '┘ü╪▒┘è┘é ╪º┘ä╪º╪│╪¬┘é╪¿╪º┘ä'[39m

Expected: [32m"┘ü╪▒┘è┘é ╪º┘ä╪º╪│╪¬┘é╪¿╪º┘ä"[39m
Received: [31m"╪┤┘â╪▒╪º ┘ä┘ä╪¬┘ü╪º╪╡┘è┘ä. ╪╣╪┤╪º┘å ╪ú┘ê╪╡┘ä ╪╖┘ä╪¿┘â ╪¿╪┤┘â┘ä ┘â╪º┘à┘ä╪î ┘à╪¡╪¬╪º╪¼ ╪ú╪╣╪▒┘ü ╪ú┘å╪│╪¿ 
┘ü╪▒╪╣ ┘ä┘â ╪Ñ┘è┘ç╪ƒ ╪¬╪¡╪¿ ╪º┘ä╪¬┘ê╪º╪╡┘ä ┘è┘â┘ê┘å ╪Ñ┘à╪¬┘ë╪ƒ"[39m

[36m [2mΓ¥»[22m tests/replyGenerator.test.ts:[2m112:19[22m[39m
    [90m110|[39m
    [90m111|[39m     [34mexpect[39m(reply)[33m.[39mnot[33m.[39m[34mtoContain[39m([32m"Hair 
transplant"[39m)[33m;[39m
    [90m112|[39m     [34mexpect[39m(reply)[33m.[39m[34mtoContain[39m([32m"┘ü╪▒┘è┘é 
╪º┘ä╪º╪│╪¬┘é╪¿╪º┘ä"[39m)[33m;[39m
    [90m   |[39m                   [31m^[39m
    [90m113|[39m   })[33m;[39m
    [90m114|[39m

[31m[2mΓÄ»ΓÄ»ΓÄ»ΓÄ»ΓÄ»ΓÄ»ΓÄ»ΓÄ»ΓÄ»ΓÄ»ΓÄ»ΓÄ»ΓÄ»ΓÄ»ΓÄ»ΓÄ»ΓÄ»ΓÄ»ΓÄ»ΓÄ»ΓÄ»ΓÄ»ΓÄ»ΓÄ»[6/6]ΓÄ»[22m[39m


[2m Test Files [22m [1m[31m3 failed[39m[22m[2m | [22m[1m[32m17 passed[39m[22m[90m (20)[39m
[2m      Tests [22m [1m[31m6 failed[39m[22m[2m | [22m[1m[32m94 passed[39m[22m[90m (100)[39m
[2m   Start at [22m 22:46:42
[2m   Duration [22m 2.12s[2m (transform 1.29s, setup 0ms, import 2.78s, tests 1.55s, environment 6ms)[22m

